
ACER@LAPTOP-S2I6GQQ7 MINGW64 ~
$ cd Desktop

ACER@LAPTOP-S2I6GQQ7 MINGW64 ~/Desktop
$ cd zemoso

ACER@LAPTOP-S2I6GQQ7 MINGW64 ~/Desktop/zemoso
$ git status
fatal: not a git repository (or any of the parent directories): .git

ACER@LAPTOP-S2I6GQQ7 MINGW64 ~/Desktop/zemoso
$ git log
fatal: not a git repository (or any of the parent directories): .git

ACER@LAPTOP-S2I6GQQ7 MINGW64 ~/Desktop/zemoso
$ git status
fatal: not a git repository (or any of the parent directories): .git

ACER@LAPTOP-S2I6GQQ7 MINGW64 ~/Desktop/zemoso
$ commit
bash: commit: command not found

ACER@LAPTOP-S2I6GQQ7 MINGW64 ~/Desktop/zemoso
$ git add
fatal: not a git repository (or any of the parent directories): .git

ACER@LAPTOP-S2I6GQQ7 MINGW64 ~/Desktop/zemoso
$ git status
fatal: not a git repository (or any of the parent directories): .git

ACER@LAPTOP-S2I6GQQ7 MINGW64 ~/Desktop/zemoso
$ ls
rayees.txt

ACER@LAPTOP-S2I6GQQ7 MINGW64 ~/Desktop/zemoso
$ git add
fatal: not a git repository (or any of the parent directories): .git

ACER@LAPTOP-S2I6GQQ7 MINGW64 ~/Desktop/zemoso
$ git add .
fatal: not a git repository (or any of the parent directories): .git

ACER@LAPTOP-S2I6GQQ7 MINGW64 ~/Desktop/zemoso
$ commit
bash: commit: command not found

ACER@LAPTOP-S2I6GQQ7 MINGW64 ~/Desktop/zemoso
$ git commit
fatal: not a git repository (or any of the parent directories): .git

ACER@LAPTOP-S2I6GQQ7 MINGW64 ~/Desktop/zemoso
$ git config --global user.name "rayees"

ACER@LAPTOP-S2I6GQQ7 MINGW64 ~/Desktop/zemoso
$ git config --global user.email "rayees.ahmed@zemosolabs.com"

ACER@LAPTOP-S2I6GQQ7 MINGW64 ~/Desktop/zemoso
$ git config --list
diff.astextplain.textconv=astextplain
filter.lfs.clean=git-lfs clean -- %f
filter.lfs.smudge=git-lfs smudge -- %f
filter.lfs.process=git-lfs filter-process
filter.lfs.required=true
http.sslbackend=openssl
http.sslcainfo=C:/Program Files/Git/mingw64/ssl/certs/ca-bundle.crt
core.autocrlf=true
core.fscache=true
core.symlinks=false
pull.rebase=false
credential.helper=manager-core
credential.https://dev.azure.com.usehttppath=true
init.defaultbranch=master
filter.lfs.clean=git-lfs clean -- %f
filter.lfs.smudge=git-lfs smudge -- %f
filter.lfs.process=git-lfs filter-process
filter.lfs.required=true
user.name=rayees
user.email=rayees.ahmed@zemosolabs.com

ACER@LAPTOP-S2I6GQQ7 MINGW64 ~/Desktop/zemoso
$ ls
rayees.txt

ACER@LAPTOP-S2I6GQQ7 MINGW64 ~/Desktop/zemoso
$ cd local

ACER@LAPTOP-S2I6GQQ7 MINGW64 ~/Desktop/zemoso/local
$ ls -;la
ls: cannot access '-': No such file or directory
bash: la: command not found

ACER@LAPTOP-S2I6GQQ7 MINGW64 ~/Desktop/zemoso/local
$ ls -la
total 0
drwxr-xr-x 1 ACER 197609 0 Jan 10 13:19 ./
drwxr-xr-x 1 ACER 197609 0 Jan 10 13:19 ../

ACER@LAPTOP-S2I6GQQ7 MINGW64 ~/Desktop/zemoso/local
$ ls -la
total 0
drwxr-xr-x 1 ACER 197609 0 Jan 10 13:19 ./
drwxr-xr-x 1 ACER 197609 0 Jan 10 13:19 ../

ACER@LAPTOP-S2I6GQQ7 MINGW64 ~/Desktop/zemoso/local
$ git init
Initialized empty Git repository in C:/Users/ACER/Desktop/zemoso/local/.git/

ACER@LAPTOP-S2I6GQQ7 MINGW64 ~/Desktop/zemoso/local (master)
$ ls -la
total 4
drwxr-xr-x 1 ACER 197609 0 Jan 10 13:22 ./
drwxr-xr-x 1 ACER 197609 0 Jan 10 13:19 ../
drwxr-xr-x 1 ACER 197609 0 Jan 10 13:22 .git/

ACER@LAPTOP-S2I6GQQ7 MINGW64 ~/Desktop/zemoso/local (master)
$ git status
On branch master

No commits yet

nothing to commit (create/copy files and use "git add" to track)

ACER@LAPTOP-S2I6GQQ7 MINGW64 ~/Desktop/zemoso/local (master)
$ touch "app.py"

ACER@LAPTOP-S2I6GQQ7 MINGW64 ~/Desktop/zemoso/local (master)
$ git status
On branch master

No commits yet

Untracked files:
  (use "git add <file>..." to include in what will be committed)
        app.py

nothing added to commit but untracked files present (use "git add" to track)

ACER@LAPTOP-S2I6GQQ7 MINGW64 ~/Desktop/zemoso/local (master)
$ git add "app.py"

ACER@LAPTOP-S2I6GQQ7 MINGW64 ~/Desktop/zemoso/local (master)
$ git status
On branch master

No commits yet

Changes to be committed:
  (use "git rm --cached <file>..." to unstage)
        new file:   app.py


ACER@LAPTOP-S2I6GQQ7 MINGW64 ~/Desktop/zemoso/local (master)
$ git add -A

ACER@LAPTOP-S2I6GQQ7 MINGW64 ~/Desktop/zemoso/local (master)
$ git status
On branch master

No commits yet

Changes to be committed:
  (use "git rm --cached <file>..." to unstage)
        new file:   app.py


ACER@LAPTOP-S2I6GQQ7 MINGW64 ~/Desktop/zemoso/local (master)
$ git commit -m "initial"
[master (root-commit) 2dfba0b] initial
 1 file changed, 0 insertions(+), 0 deletions(-)
 create mode 100644 app.py

ACER@LAPTOP-S2I6GQQ7 MINGW64 ~/Desktop/zemoso/local (master)
$ git log
commit 2dfba0bf525070417aec6f4e4da70e3f832b4f34 (HEAD -> master)
Author: rayees <rayees.ahmed@zemosolabs.com>
Date:   Mon Jan 10 13:34:20 2022 +0530

    initial

ACER@LAPTOP-S2I6GQQ7 MINGW64 ~/Desktop/zemoso/local (master)
$ git status
On branch master
nothing to commit, working tree clean

ACER@LAPTOP-S2I6GQQ7 MINGW64 ~/Desktop/zemoso/local (master)
$ git log -n 5
commit 2dfba0bf525070417aec6f4e4da70e3f832b4f34 (HEAD -> master)
Author: rayees <rayees.ahmed@zemosolabs.com>
Date:   Mon Jan 10 13:34:20 2022 +0530

    initial

ACER@LAPTOP-S2I6GQQ7 MINGW64 ~/Desktop/zemoso/local (master)
$ git log --oneline
2dfba0b (HEAD -> master) initial

ACER@LAPTOP-S2I6GQQ7 MINGW64 ~/Desktop/zemoso/local (master)
$ git log --oneline --graph
* 2dfba0b (HEAD -> master) initial

ACER@LAPTOP-S2I6GQQ7 MINGW64 ~/Desktop/zemoso/local (master)
$ cd ..

ACER@LAPTOP-S2I6GQQ7 MINGW64 ~/Desktop/zemoso
$ git remote add origin https://github.com/rayees91/version-control.git
fatal: not a git repository (or any of the parent directories): .git

ACER@LAPTOP-S2I6GQQ7 MINGW64 ~/Desktop/zemoso
$ git remote add origin https://github.com/rayees91/version-control.git
fatal: not a git repository (or any of the parent directories): .git

ACER@LAPTOP-S2I6GQQ7 MINGW64 ~/Desktop/zemoso
$ git checkout master
fatal: not a git repository (or any of the parent directories): .git

ACER@LAPTOP-S2I6GQQ7 MINGW64 ~/Desktop/zemoso
$ git init
Initialized empty Git repository in C:/Users/ACER/Desktop/zemoso/.git/

ACER@LAPTOP-S2I6GQQ7 MINGW64 ~/Desktop/zemoso (master)
$ git remote add origin https://github.com/rayees91/version-control.git
ACER@LAPTOP-S2I6GQQ7 MINGW64 ~/Desktop/zemoso (master)
$ git add .

ACER@LAPTOP-S2I6GQQ7 MINGW64 ~/Desktop/zemoso (master)
$ git commit -m "updated"
[master 1133c96] updated
 2 files changed, 2 deletions(-)
 delete mode 160000 local
 delete mode 100644 rayees.txt

ACER@LAPTOP-S2I6GQQ7 MINGW64 ~/Desktop/zemoso (master)
$ git status
On branch master
Your branch is ahead of 'origin/master' by 1 commit.
  (use "git push" to publish your local commits)

nothing to commit, working tree clean

ACER@LAPTOP-S2I6GQQ7 MINGW64 ~/Desktop/zemoso (master)
$ git push -u origin master
Enumerating objects: 3, done.
Counting objects: 100% (3/3), done.
Delta compression using up to 8 threads
Compressing objects: 100% (1/1), done.
Writing objects: 100% (2/2), 232 bytes | 232.00 KiB/s, done.
Total 2 (delta 0), reused 0 (delta 0), pack-reused 0
To https://github.com/rayees91/version-control.git
   4009f37..1133c96  master -> master
Branch 'master' set up to track remote branch 'master' from 'origin'.

